
Please enter clauses (blank line to end the database):
tokens: [p ( f ( Y ) ) :- q ( Y ) , r ( Y ) .]
clause: p(f(Y)) :- q(Y), r(Y).

tokens: [q ( g ( Z ) ) .]
clause: q(g(Z)).

tokens: [q ( h ( Z ) ) .]
clause: q(h(Z)).

tokens: [r ( h ( a ) ) .]
clause: r(h(a)).

Please enter a query (blank line to quit):
tokens: [p ( X ) .]
query: p(X).
SUCCESS: p(f(h(a)))

Please enter a query (blank line to quit):
